// Jest Snapshot v1, https://goo.gl/fbAQLP

exports[`core/embed block edit matches snapshot 1`] = `
<div
  class="wp-block-table"
>
  <div
    class="editor-inner-blocks"
  >
    <div
      class="editor-block-list__layout"
    />
  </div>
</div>
`;
